---
source: src/tui/tests/snapshots.rs
expression: ui.screen()
---
"╭Instances─────────╮╭Content───────────────────────────────────────────────────────────────────────╮"
"│                  ││No instance selected                                                          │"
"│                  │╰──────────────────────────────────────────────────────────────────────────────╯"
"│                  │╭ Installed   Mods • Resource Packs • Shaders • Screenshots • Worlds • Logs ───╮"
"│                  ││No instance selected.                                                         │"
"│                  ││                                                                              │"
"│                  ││                                                                              │"
"│                  ││                                                                              │"
"│                  ││                                                                              │"
"│                  ││                                                                              │"
"│                  ││                                                                              │"
"│                  ││                                                                              │"
"│                  ││                                                                              │"
"│                  ││                                                                              │"
"│                  ││                                                                              │"
"│                  ││                                                                              │"
"│                  ││                                                                              │"
"│                  ││                                                                              │"
"│                  ││                                                                              │"
"│                  ││                                                                              │"
"│                  ││                                                                              │"
"│                  ││                                                                              │"
"│                  ││                                                                              │"
"│                  ││                                                                              │"
"│                  │╰[l] launch  [⏎] content  [Shift+⏎] open dir  [Esc] kill  [a] add  [m] modpacks╯"
"│                  │╭Accounts─────────╮╭Settings───────────────────────────╮╭Overview──────────────╮"
"│                  ││No accounts.     ││No instance selected.              ││Ready                 │"
"│                  ││                 ││                                   ││                      │"
"│                  ││                 ││                                   ││                      │"
"╰──────────────────╯╰─────────────────╯╰───────────────────────────────────╯╰──────────────────────╯"
